
e1348790@B1153-G98PFX1 MINGW64 /c/Users/e1348790/Desktop/Pic_Exam_SVG
$ git init
Initialized empty Git repository in C:/Users/e1348790/Desktop/Pic_Exam_SVG/.git/

e1348790@B1153-G98PFX1 MINGW64 /c/Users/e1348790/Desktop/Pic_Exam_SVG (master)
$ git add .

e1348790@B1153-G98PFX1 MINGW64 /c/Users/e1348790/Desktop/Pic_Exam_SVG (master)
$ git commit -m "index.html"
[master (root-commit) 3d4197e] index.html
 Committer: Pic <e1348790@cmaisonneuve.qc.ca>
Your name and email address were configured automatically based
on your username and hostname. Please check that they are accurate.
You can suppress this message by setting them explicitly. Run the
following command and follow the instructions in your editor to edit
your configuration file:

    git config --global --edit

After doing this, you may fix the identity used for this commit with:

    git commit --amend --reset-author

 1 file changed, 21 insertions(+)
 create mode 100644 index.html

e1348790@B1153-G98PFX1 MINGW64 /c/Users/e1348790/Desktop/Pic_Exam_SVG (master)
$ git add .

e1348790@B1153-G98PFX1 MINGW64 /c/Users/e1348790/Desktop/Pic_Exam_SVG (master)
$ git commit -m "question 1 terminer"
[master 043f275] question 1 terminer
 Committer: Pic <e1348790@cmaisonneuve.qc.ca>
Your name and email address were configured automatically based
on your username and hostname. Please check that they are accurate.
You can suppress this message by setting them explicitly. Run the
following command and follow the instructions in your editor to edit
your configuration file:

    git config --global --edit

After doing this, you may fix the identity used for this commit with:

    git commit --amend --reset-author

 1 file changed, 8 insertions(+), 1 deletion(-)

e1348790@B1153-G98PFX1 MINGW64 /c/Users/e1348790/Desktop/Pic_Exam_SVG (master)
$ git add .

e1348790@B1153-G98PFX1 MINGW64 /c/Users/e1348790/Desktop/Pic_Exam_SVG (master)
$ git -commit -m "question terminer pour de vrai"
Unknown option: -commit
usage: git [--version] [--help] [-C <path>] [-c name=value]
           [--exec-path[=<path>]] [--html-path] [--man-path] [--info-path]
           [-p | --paginate | --no-pager] [--no-replace-objects] [--bare]
           [--git-dir=<path>] [--work-tree=<path>] [--namespace=<name>]
           <command> [<args>]

e1348790@B1153-G98PFX1 MINGW64 /c/Users/e1348790/Desktop/Pic_Exam_SVG (master)
$ git commit -m "question 1 terminer pour vrai"
[master ddc755d] question 1 terminer pour vrai
 Committer: Pic <e1348790@cmaisonneuve.qc.ca>
Your name and email address were configured automatically based
on your username and hostname. Please check that they are accurate.
You can suppress this message by setting them explicitly. Run the
following command and follow the instructions in your editor to edit
your configuration file:

    git config --global --edit

After doing this, you may fix the identity used for this commit with:

    git commit --amend --reset-author

 1 file changed, 7 insertions(+), 3 deletions(-)

e1348790@B1153-G98PFX1 MINGW64 /c/Users/e1348790/Desktop/Pic_Exam_SVG (master)
$ git status
On branch master
nothing to commit, working tree clean

e1348790@B1153-G98PFX1 MINGW64 /c/Users/e1348790/Desktop/Pic_Exam_SVG (master)
$ git add .

e1348790@B1153-G98PFX1 MINGW64 /c/Users/e1348790/Desktop/Pic_Exam_SVG (master)
$ git commit -m "positionnement svg avec USE"
[master ce0ef16] positionnement svg avec USE
 Committer: Pic <e1348790@cmaisonneuve.qc.ca>
Your name and email address were configured automatically based
on your username and hostname. Please check that they are accurate.
You can suppress this message by setting them explicitly. Run the
following command and follow the instructions in your editor to edit
your configuration file:

    git config --global --edit

After doing this, you may fix the identity used for this commit with:

    git commit --amend --reset-author

 1 file changed, 5 insertions(+), 3 deletions(-)

e1348790@B1153-G98PFX1 MINGW64 /c/Users/e1348790/Desktop/Pic_Exam_SVG (master)
$ git add .

e1348790@B1153-G98PFX1 MINGW64 /c/Users/e1348790/Desktop/Pic_Exam_SVG (master)
$ git add .

e1348790@B1153-G98PFX1 MINGW64 /c/Users/e1348790/Desktop/Pic_Exam_SVG (master)
$ git commit -m "fin de la question #2"
[master 9d2b46c] fin de la question #2
 Committer: Pic <e1348790@cmaisonneuve.qc.ca>
Your name and email address were configured automatically based
on your username and hostname. Please check that they are accurate.
You can suppress this message by setting them explicitly. Run the
following command and follow the instructions in your editor to edit
your configuration file:

    git config --global --edit

After doing this, you may fix the identity used for this commit with:

    git commit --amend --reset-author

 1 file changed, 1 insertion(+), 1 deletion(-)

e1348790@B1153-G98PFX1 MINGW64 /c/Users/e1348790/Desktop/Pic_Exam_SVG (master)
$ git add .

e1348790@B1153-G98PFX1 MINGW64 /c/Users/e1348790/Desktop/Pic_Exam_SVG (master)
$ git commit -m "ajout d'une feuille de style pour les animations"
[master 01270e1] ajout d'une feuille de style pour les animations
 Committer: Pic <e1348790@cmaisonneuve.qc.ca>
Your name and email address were configured automatically based
on your username and hostname. Please check that they are accurate.
You can suppress this message by setting them explicitly. Run the
following command and follow the instructions in your editor to edit
your configuration file:

    git config --global --edit

After doing this, you may fix the identity used for this commit with:

    git commit --amend --reset-author

 2 files changed, 11 insertions(+), 2 deletions(-)
 create mode 100644 css/style.css

e1348790@B1153-G98PFX1 MINGW64 /c/Users/e1348790/Desktop/Pic_Exam_SVG (master)
$ git add .

e1348790@B1153-G98PFX1 MINGW64 /c/Users/e1348790/Desktop/Pic_Exam_SVG (master)
$ git commit -m "ajout de l'animation linaire completer"
[master 96e96d1] ajout de l'animation linaire completer
 Committer: Pic <e1348790@cmaisonneuve.qc.ca>
Your name and email address were configured automatically based
on your username and hostname. Please check that they are accurate.
You can suppress this message by setting them explicitly. Run the
following command and follow the instructions in your editor to edit
your configuration file:

    git config --global --edit

After doing this, you may fix the identity used for this commit with:

    git commit --amend --reset-author

 1 file changed, 1 insertion(+)

e1348790@B1153-G98PFX1 MINGW64 /c/Users/e1348790/Desktop/Pic_Exam_SVG (master)
$ git add .

e1348790@B1153-G98PFX1 MINGW64 /c/Users/e1348790/Desktop/Pic_Exam_SVG (master)
$ git commit -m "fin question #3"
[master e844bdc] fin question #3
 Committer: Pic <e1348790@cmaisonneuve.qc.ca>
Your name and email address were configured automatically based
on your username and hostname. Please check that they are accurate.
You can suppress this message by setting them explicitly. Run the
following command and follow the instructions in your editor to edit
your configuration file:

    git config --global --edit

After doing this, you may fix the identity used for this commit with:

    git commit --amend --reset-author

 1 file changed, 1 insertion(+), 1 deletion(-)

e1348790@B1153-G98PFX1 MINGW64 /c/Users/e1348790/Desktop/Pic_Exam_SVG (master)
$ git add .

e1348790@B1153-G98PFX1 MINGW64 /c/Users/e1348790/Desktop/Pic_Exam_SVG (master)
$ git commit -m "ajout de l'animation du dash"
[master 295d5c1] ajout de l'animation du dash
 Committer: Pic <e1348790@cmaisonneuve.qc.ca>
Your name and email address were configured automatically based
on your username and hostname. Please check that they are accurate.
You can suppress this message by setting them explicitly. Run the
following command and follow the instructions in your editor to edit
your configuration file:

    git config --global --edit

After doing this, you may fix the identity used for this commit with:

    git commit --amend --reset-author

 2 files changed, 23 insertions(+), 4 deletions(-)

e1348790@B1153-G98PFX1 MINGW64 /c/Users/e1348790/Desktop/Pic_Exam_SVG (master)
$ git add .

e1348790@B1153-G98PFX1 MINGW64 /c/Users/e1348790/Desktop/Pic_Exam_SVG (master)
$ git commit -m "fin question 4"
[master b419403] fin question 4
 Committer: Pic <e1348790@cmaisonneuve.qc.ca>
Your name and email address were configured automatically based
on your username and hostname. Please check that they are accurate.
You can suppress this message by setting them explicitly. Run the
following command and follow the instructions in your editor to edit
your configuration file:

    git config --global --edit

After doing this, you may fix the identity used for this commit with:

    git commit --amend --reset-author

 1 file changed, 4 insertions(+)

e1348790@B1153-G98PFX1 MINGW64 /c/Users/e1348790/Desktop/Pic_Exam_SVG (master)
$ git add .

e1348790@B1153-G98PFX1 MINGW64 /c/Users/e1348790/Desktop/Pic_Exam_SVG (master)
$ git commit -m "remodification de la question 4 et FIN question 4"
[master 80716b9] remodification de la question 4 et FIN question 4
 Committer: Pic <e1348790@cmaisonneuve.qc.ca>
Your name and email address were configured automatically based
on your username and hostname. Please check that they are accurate.
You can suppress this message by setting them explicitly. Run the
following command and follow the instructions in your editor to edit
your configuration file:

    git config --global --edit

After doing this, you may fix the identity used for this commit with:

    git commit --amend --reset-author

 1 file changed, 3 insertions(+), 3 deletions(-)

e1348790@B1153-G98PFX1 MINGW64 /c/Users/e1348790/Desktop/Pic_Exam_SVG (master)
$ git add .

e1348790@B1153-G98PFX1 MINGW64 /c/Users/e1348790/Desktop/Pic_Exam_SVG (master)
$ git commit -m "ajout de quelque petits éléments manquant"
[master d5ca526] ajout de quelque petits éléments manquant
 Committer: Pic <e1348790@cmaisonneuve.qc.ca>
Your name and email address were configured automatically based
on your username and hostname. Please check that they are accurate.
You can suppress this message by setting them explicitly. Run the
following command and follow the instructions in your editor to edit
your configuration file:

    git config --global --edit

After doing this, you may fix the identity used for this commit with:

    git commit --amend --reset-author

 1 file changed, 1 insertion(+), 1 deletion(-)

e1348790@B1153-G98PFX1 MINGW64 /c/Users/e1348790/Desktop/Pic_Exam_SVG (master)
$ git add .

e1348790@B1153-G98PFX1 MINGW64 /c/Users/e1348790/Desktop/Pic_Exam_SVG (master)
$ git commit -m "ajout du fichier contenant les commandes git/commit"
[master 1c8120b] ajout du fichier contenant les commandes git/commit
 Committer: Pic <e1348790@cmaisonneuve.qc.ca>
Your name and email address were configured automatically based
on your username and hostname. Please check that they are accurate.
You can suppress this message by setting them explicitly. Run the
following command and follow the instructions in your editor to edit
your configuration file:

    git config --global --edit

After doing this, you may fix the identity used for this commit with:

    git commit --amend --reset-author

 1 file changed, 278 insertions(+)
 create mode 100644 commandeGit_Commit.txt

